[17:41:51] [main/INFO]: Loading Minecraft 1.21.5 with Fabric Loader 0.16.14
[17:41:51] [main/INFO]: Fabric is preparing JARs on first launch, this may take a few seconds...
[17:41:51] [main/INFO]: Loading 4 mods:
	- fabricloader 0.16.14
	   \-- mixinextras 0.4.1
	- java 25
	- minecraft 1.21.5
[17:41:51] [main/INFO]: SpongePowered MIXIN Subsystem Version=0.8.7 Source=file:/E:/Minecraft/Worlds/Creative/libraries/net/fabricmc/sponge-mixin/0.15.5+mixin.0.8.7/sponge-mixin-0.15.5+mixin.0.8.7.jar Service=Knot/Fabric Env=SERVER
[17:42:00] [main/ERROR]: Failed to store properties to file: server.properties
[17:42:00] [main/INFO]: Environment: Environment[sessionHost=https://sessionserver.mojang.com, servicesHost=https://api.minecraftservices.com, name=PROD]
[17:42:00] [main/ERROR]: Failed to start the minecraft server
java.nio.file.AccessDeniedException: .\world\session.lock
	at java.base/sun.nio.fs.WindowsException.translateToIOException(WindowsException.java:89) ~[?:?]
	at java.base/sun.nio.fs.WindowsException.rethrowAsIOException(WindowsException.java:103) ~[?:?]
	at java.base/sun.nio.fs.WindowsException.rethrowAsIOException(WindowsException.java:108) ~[?:?]
	at java.base/sun.nio.fs.WindowsFileSystemProvider.newFileChannel(WindowsFileSystemProvider.java:118) ~[?:?]
	at java.base/java.nio.channels.FileChannel.open(FileChannel.java:301) ~[?:?]
	at java.base/java.nio.channels.FileChannel.open(FileChannel.java:353) ~[?:?]
	at knot/net.minecraft.class_5125.method_26803(class_5125.java:34) ~[server-intermediary.jar:?]
	at knot/net.minecraft.class_32$class_5143.<init>(class_32.java:374) ~[server-intermediary.jar:?]
	at knot/net.minecraft.class_32.method_52236(class_32.java:353) ~[server-intermediary.jar:?]
	at knot/net.minecraft.server.Main.main(Main.java:139) [server-intermediary.jar:?]
	at net.fabricmc.loader.impl.game.minecraft.MinecraftGameProvider.launch(MinecraftGameProvider.java:480) [fabric-loader-0.16.14.jar:?]
	at net.fabricmc.loader.impl.launch.knot.Knot.launch(Knot.java:74) [fabric-loader-0.16.14.jar:?]
	at net.fabricmc.loader.impl.launch.knot.KnotServer.main(KnotServer.java:23) [fabric-loader-0.16.14.jar:?]
	at net.fabricmc.loader.impl.launch.server.FabricServerLauncher.main(FabricServerLauncher.java:69) [fabric-loader-0.16.14.jar:?]
	at net.fabricmc.installer.ServerLauncher.main(ServerLauncher.java:69) [fabric-server-launch.jar:1.0.3]
